[
  {
    "Description": "uncompressed",
    "Passphrase": "TestingOneTwoThree",
    "Encrypted": "6PRVWUbkzzsbcVac2qwfssoUJAN1Xhrg6bNk8J7Nzm5H7kxEbn2Nh2ZoGg",
    "WIF": "5KN7MzqK5wt2TP1fQCYyHBtDrXdJuXbUzm4A9rKAteGu3Qi5CVR",
    "Expect": {
      "Unencrypted": "CBF4B9F70470856BB4F40F80B87EDB90865997FFEE6DF315AB166D713AF433A5",
      "Bad": false
    }
  },
  {
    "Description": "uncompressed",
    "Passphrase": "Satoshi",
    "Encrypted": "6PRNFFkZc2NZ6dJqFfhRoFNMR9Lnyj7dYGrzdgXXVMXcxoKTePPX1dWByq",
    "WIF": "5HtasZ6ofTHP6HCwTqTkLDuLQisYPah7aUnSKfC7h4hMUVw2gi5",
    "Expect": {
      "Unencrypted": "09C2686880095B1A4C249EE3AC4EEA8A014F11E6F986D0B5025AC1F39AFBD9AE",
      "Bad": false
    }
  },
  {
    "Description": "uncompressed",
    "Passphrase": "œíÃÅ\u0000êêÄüí©",
    "Encrypted": "6PRW5o9FLp4gJDDVqJQKJFTpMvdsSGJxMYHtHaQBF3ooa8mwD69bapcDQn",
    "WIF": "5Jajm8eQ22H3pGWLEVCXyvND8dQZhiQhoLJNKjYXk9roUFTMSZ4",
    "Expect": {
      "Unencrypted": "64eeab5f9be2a01a8365a579511eb3373c87c40da6d2a25f05bda68fe077b66e",
      "Bad": false
    }
  },
  {
    "Description": "compressed",
    "Passphrase": "TestingOneTwoThree",
    "Encrypted": "6PYNKZ1EAgYgmQfmNVamxyXVWHzK5s6DGhwP4J5o44cvXdoY7sRzhtpUeo",
    "WIF": "L44B5gGEpqEDRS9vVPz7QT35jcBG2r3CZwSwQ4fCewXAhAhqGVpP",
    "Expect": {
      "Unencrypted": "CBF4B9F70470856BB4F40F80B87EDB90865997FFEE6DF315AB166D713AF433A5",
      "Bad": false
    }
  },
  {
    "Description": "compressed",
    "Passphrase": "Satoshi",
    "Encrypted": "6PYLtMnXvfG3oJde97zRyLYFZCYizPU5T3LwgdYJz1fRhh16bU7u6PPmY7",
    "WIF": "KwYgW8gcxj1JWJXhPSu4Fqwzfhp5Yfi42mdYmMa4XqK7NJxXUSK7",
    "Expect": {
      "Unencrypted": "09C2686880095B1A4C249EE3AC4EEA8A014F11E6F986D0B5025AC1F39AFBD9AE",
      "Bad": false
    }
  },
  {
    "Description": "invalid flag 0xff",
    "Passphrase": "TestingOneTwoThree",
    "Encrypted": "6PfJsLhdYx7zGWKeFUNxYxbqdTmN7N3WSkYXpaTQ9X7Bj7kYMHu72yHNm7",
    "Expect": {
      "Bad": true
    }
  },
  {
    "Description": "invalid address hash for uncompressed key",
    "Passphrase": "TestingOneTwoThree",
    "Encrypted": "6PRVWUbkyjKok2rceBDLxQbxyrYTkGTGKitSZ5iDccjM2YX9qj41oAARm4",
    "Expect": {
      "Bad": true
    }
  },
  {
    "Description": "invalid address hash for compressed key",
    "Passphrase": "TestingOneTwoThree",
    "Encrypted": "6PYNKZ1EAvCYGE12C7bgo71L1jsWYMmdpzx7useE4hbQycHowHwuUvv6WE",
    "Expect": {
      "Bad": true
    }
  },
  {
    "Description": "invalid length",
    "Passphrase": "TestingOneTwoThree",
    "Encrypted": "QnVT6tG17jYrX1U6qsA5U4VapHyxpU61AKh2MYQAGWyZGDSQMKbKq9pGF3T",
    "Expect": {
      "Bad": true
    }
  },
  {
    "Description": "invalid base58 checksum",
    "Passphrase": "TestingOneTwoThree",
    "Encrypted": "6PRVWUbkzzsbcVac2qwfssoUJAN1Xhrg6bNk8J7Nzm5H7kxEbn2Nh2ZoGh",
    "Expect": {
      "Bad": true
    }
  }
]
